TAP version 13
# Subtest: закоммиченный config/weekly-modifiers.v1.json валиден сейчас и = побайтовая копия встроенного каталога
ok 1 - закоммиченный config/weekly-modifiers.v1.json валиден сейчас и = побайтовая копия встроенного каталога
  ---
  duration_ms: 2.321865
  type: 'test'
  ...
# Subtest: fnv1a64: вектор-пины алгоритма (синхрон с ndSnapshotChecksum storage.js — charCodeAt/imul)
ok 2 - fnv1a64: вектор-пины алгоритма (синхрон с ndSnapshotChecksum storage.js — charCodeAt/imul)
  ---
  duration_ms: 0.453617
  type: 'test'
  ...
# Subtest: валидный конфиг → applied, каталог установлен, модель берёт WEEKLY_MODS_REMOTE; reset возвращает встроенный
ok 3 - валидный конфиг → applied, каталог установлен, модель берёт WEEKLY_MODS_REMOTE; reset возвращает встроенный
  ---
  duration_ms: 1.121022
  type: 'test'
  ...
# Subtest: fallback-приоритет: пустой/кривой WEEKLY_MODS_REMOTE НЕ ломает выбор — модель идёт во встроенный
ok 4 - fallback-приоритет: пустой/кривой WEEKLY_MODS_REMOTE НЕ ломает выбор — модель идёт во встроенный
  ---
  duration_ms: 0.189593
  type: 'test'
  ...
# Subtest: битый JSON / не объект / чужая schema / кривая version → ok:false с точным reason
ok 5 - битый JSON / не объект / чужая schema / кривая version → ok:false с точным reason
  ---
  duration_ms: 0.472806
  type: 'test'
  ...
# Subtest: кривые modifiers: не массив / пусто / кап 16 / кривой mods / не-строки / дубль id → reason modifiers|modifier
ok 6 - кривые modifiers: не массив / пусто / кап 16 / кривой mods / не-строки / дубль id → reason modifiers|modifier
  ---
  duration_ms: 0.534158
  type: 'test'
  ...
# Subtest: просроченный: синтетическое «сейчас» после expires → reason expired; кривая дата → reason expires
ok 7 - просроченный: синтетическое «сейчас» после expires → reason expired; кривая дата → reason expires
  ---
  duration_ms: 1.338508
  type: 'test'
  ...
# Subtest: tampered: правка множителя/имени без пересчёта checksum → reason checksum, каталог НЕ устанавливается
ok 8 - tampered: правка множителя/имени без пересчёта checksum → reason checksum, каталог НЕ устанавливается
  ---
  duration_ms: 0.500877
  type: 'test'
  ...
# Subtest: canonical: перестановка ключей в JSON не меняет checksum (канонический порядок фиксирован)
ok 9 - canonical: перестановка ключей в JSON не меняет checksum (канонический порядок фиксирован)
  ---
  duration_ms: 0.59654
  type: 'test'
  ...
# Subtest: лоадер-фоллбэки: сеть/HTTP/нет fetch → applied:false, встроенный каталог остаётся
ok 10 - лоадер-фоллбэки: сеть/HTTP/нет fetch → applied:false, встроенный каталог остаётся
  ---
  duration_ms: 0.967815
  type: 'test'
  ...
# Subtest: проводка: remote-config.js в index.html ДО app.js, в прекэше SW вместе с config-артефактом; вызов в app.js
ok 11 - проводка: remote-config.js в index.html ДО app.js, в прекэше SW вместе с config-артефактом; вызов в app.js
  ---
  duration_ms: 3.95337
  type: 'test'
  ...
# Subtest: live global fetch keeps receiver and bypasses HTTP cache
ok 12 - live global fetch keeps receiver and bypasses HTTP cache
  ---
  duration_ms: 0.648518
  type: 'test'
  ...
# Subtest: deadline covers fetch and body; late completion never installs
ok 13 - deadline covers fetch and body; late completion never installs
  ---
  duration_ms: 41.810585
  type: 'test'
  ...
# Subtest: response byte cap checks header, UTF8 text and streamed body
ok 14 - response byte cap checks header, UTF8 text and streamed body
  ---
  duration_ms: 22.52909
  type: 'test'
  ...
1..14
# tests 14
# suites 0
# pass 14
# fail 0
# cancelled 0
# skipped 0
# todo 0
# duration_ms 140.31148
