$ npm run test:e2e

> neurodeck@0.0.0 test:e2e
> npx playwright test tests/e2e/neurodeck.test.js tests/e2e/logic.test.js tests/e2e/campaign-flows.test.js tests/e2e/boss-flow.test.js tests/e2e/weekly-modifier.test.js tests/e2e/responsive-gates.test.js tests/e2e/device-matrix.test.js tests/e2e/remote-config.test.js


Running 55 tests using 1 worker

  ✓   1 tests/e2e/boss-flow.test.js:111:1 › P12: интро-лор ровно один раз; вызов босса и фазы cards→streak (G2: 2 фазы/день) (5.0s)
  ✓   2 tests/e2e/boss-flow.test.js:165:1 › P12: gold-фаза честным доходом → босс повержен; reward-choice и pending после reload (15.0s)
  ✓   3 tests/e2e/campaign-flows.test.js:138:1 › C2: развилка фронта — модалка выбора цели: открыть/отменить/подтвердить (3.0s)
  ✓   4 tests/e2e/campaign-flows.test.js:169:1 › P9: недоступные цели развилки — disabled с причиной; тултипы safe/war/trade; aria (2.4s)
  ✓   5 tests/e2e/campaign-flows.test.js:206:1 › C5: reward-choice — венец disabled при капе 5/5, артефакт выбирается и не возвращается (8.3s)
  ✓   6 tests/e2e/campaign-flows.test.js:235:1 › C5: незакрытый выбор награды (pending) возвращается после reload (6.2s)
  ✓   7 tests/e2e/campaign-flows.test.js:260:1 › C6: weekly modifier — 19/20 скрыт, 20/20 виден и масштабирует налоги (3.8s)
  ✓   8 tests/e2e/campaign-flows.test.js:282:1 › C4: покупка тарана/лестниц за 25💰 и списание склада после штурма (2.8s)
  ✓   9 tests/e2e/campaign-flows.test.js:311:1 › C4: подход недели — «Осада» +1 гнев, «Хитрость» меняет превью гарнизона (пров. 3) (3.5s)
  ✓  10 tests/e2e/campaign-flows.test.js:335:1 › P10: панель подготовки — разведка, склад, превью до/после, отмена подхода до тика (9.1s)
  ✓  11 tests/e2e/campaign-flows.test.js:363:1 › P10: «рискованно»-подтверждение при ratio<1.2 — отмена не тратит день, подтверждение проводит штурм (6.2s)
  ✓  12 tests/e2e/campaign-flows.test.js:393:1 › P10: превью в панели живо — подход «Хитрость» меняет прогноз гарнизона (1100 → 990) (1.5s)
  ✓  13 tests/e2e/campaign-flows.test.js:402:1 › P11: подход «Хитрость» переживает перезагрузку — выбор доезжает до сейва и возвращается (2.8s)
  ✓  14 tests/e2e/campaign-flows.test.js:420:1 › P11: сейв v14 с подходом «Осада» — бут сразу в нём (гнев +1 без кликов) (1.1s)
  ✓  15 tests/e2e/campaign-flows.test.js:428:1 › P11: легаси-сейв v13 без подхода — миграция до v14, дефолт «Штурм» активен (1.4s)
  ✓  16 tests/e2e/campaign-flows.test.js:439:1 › P6: брейкдауны — тайл покупки «до → после» с окупаемостью; штурм — соотношение и worst-case (2.6s)
[device-matrix] S2 cold boot → .app-wrap: 757 ms (dom_ready: 351 ms)
  ✓  17 tests/e2e/device-matrix.test.js:73:3 › boot timings (S2) › cold boot → интерактив: .app-wrap + метка dom_ready телеметрии (902ms)
[device-matrix] S2 warm boot → .app-wrap: 363 ms (cold в этом же контексте: 759 ms)
  ✓  18 tests/e2e/device-matrix.test.js:82:3 › boot timings (S2) › warm boot (кэш контекста) → интерактив, не медленнее холодного (1.4s)
[device-matrix] S9 reduced-motion boot → .app-wrap: 436 ms
[device-matrix] S9 perf-состояние: {"prm":true,"bodyClass":true,"perfEco":true,"mode":"auto","motionOk":false}
  ✓  19 tests/e2e/device-matrix.test.js:94:3 › reduced motion (S9) › prefers-reduced-motion: boot чистый, eco-эквивалент применён (835ms)
[device-matrix] S1 поколения кэша после precache: ["nd-shell-v104"]
[device-matrix] S1 офлайн cold-boot → .app-wrap: 326 ms (SW network-first → cache fallback)
  ✓  20 tests/e2e/device-matrix.test.js:129:3 › service worker (S1/S12) › S1: офлайн-старт — shell из SW-кэша, приложение интерактивно (1.5s)
[device-matrix] S12 SW-update nd-shell-v104 → nd-shell-v104-update-probe: кэш ровно одного поколения (2176 мс)
[device-matrix] S12 офлайн-бут после обновления: интерактивен
  ✓  21 tests/e2e/device-matrix.test.js:145:3 › service worker (S1/S12) › S12: SW-update на стенде — одно поколение кэша, офлайн-бут после обновления жив (3.5s)
  ✓  22 tests/e2e/logic.test.js:56:1 › goal XP exact split: 4 steps + completion ~= 100 XP, no 1.5x inflation (4.2s)
  ✓  23 tests/e2e/logic.test.js:63:1 › completeGoal does NOT increase HERO.actionPoints (4.3s)
  ✓  24 tests/e2e/logic.test.js:70:1 › getPrestigeXPBonus caps at 1.5 with high prestige values (3.4s)
  ✓  25 tests/e2e/logic.test.js:84:1 › perf-eco class applied on documentElement in eco and low modes (3.5s)
  ✓  26 tests/e2e/logic.test.js:101:1 › perf bridge: legacy listener fires only on eco transitions incl low/effects-off (3.5s)
  ✓  27 tests/e2e/logic.test.js:118:1 › XP curve pinned: getXpToNext(15)=68000, (16)=round(68000*1.65) (3.4s)
  ✓  28 tests/e2e/logic.test.js:126:1 › perf UI: perfLowBtn click drives full chain (setMode, bridge, legacy listener) (3.4s)
  ✓  29 tests/e2e/logic.test.js:143:1 › strongholds: assault model — win captures with bounded attrition, overpower retreats 10-30% (2.3s)
  ✓  30 tests/e2e/logic.test.js:171:1 › tasks: complete -> chest choice adds gold or xp; ghosts expire after ghostDays (2.4s)
  ✓  31 tests/e2e/logic.test.js:191:1 › ghosts: nightly penalty capped at 5/night (2.2s)
  ✓  32 tests/e2e/logic.test.js:205:1 › quest board: counters track progress; claim gated until goal met (2.2s)
  ✓  33 tests/e2e/neurodeck.test.js:7:1 › page loads without JS errors (3.2s)
  ✓  34 tests/e2e/neurodeck.test.js:21:1 › canvas elements exist (806ms)
  ✓  35 tests/e2e/neurodeck.test.js:27:1 › starter deck modal can be closed (3.4s)
  ✓  36 tests/e2e/neurodeck.test.js:38:1 › tab navigation switches views (6.2s)
  ✓  37 tests/e2e/neurodeck.test.js:53:1 › hero view shows character stats (4.3s)
  ✓  38 tests/e2e/neurodeck.test.js:69:1 › audio mixer: settings section, localStorage persistence, no autoplay before interaction (7.0s)
  ✓  39 tests/e2e/remote-config.test.js:8:1 › boot requests real config, applies it and resets builtin (847ms)
  ✓  40 tests/e2e/remote-config.test.js:17:3 › real global fetch fallback: checksum (961ms)
  ✓  41 tests/e2e/remote-config.test.js:17:3 › real global fetch fallback: expired (1.0s)
  ✓  42 tests/e2e/remote-config.test.js:17:3 › real global fetch fallback: size (1.0s)
  ✓  43 tests/e2e/remote-config.test.js:17:3 › real global fetch fallback: timeout (1.1s)
  ✓  44 tests/e2e/remote-config.test.js:17:3 › real global fetch fallback: network (1.0s)
  ✓  45 tests/e2e/remote-config.test.js:34:1 › service worker config uses network, not poisoned shell cache; offline falls back (1.2s)
  ✓  46 tests/e2e/responsive-gates.test.js:111:3 › safe-area contract › viewport-fit=cover в meta, env()-инсеты в наве и шеле приложения (399ms)
  ✓  47 tests/e2e/responsive-gates.test.js:126:3 › safe-area contract › runtime: при нулевых инсетах нав внутри экрана, вёрстка чистая (6.6s)
  ✓  48 tests/e2e/responsive-gates.test.js:138:5 › short viewport (landscape <600h) › deck: без hscroll, нав виден целиком, перекрытий нет (6.6s)
  ✓  49 tests/e2e/responsive-gates.test.js:138:5 › short viewport (landscape <600h) › strongholds: без hscroll, нав виден целиком, перекрытий нет (6.6s)
  ✓  50 tests/e2e/responsive-gates.test.js:151:5 › font 200% (textZoom×2 emulation) › deck: без hscroll и перекрытий при удвоенном шрифте (6.9s)
  ✓  51 tests/e2e/responsive-gates.test.js:151:5 › font 200% (textZoom×2 emulation) › strongholds: без hscroll и перекрытий при удвоенном шрифте (7.1s)
  ✓  52 tests/e2e/weekly-modifier.test.js:159:1 › P13: 19/20 — строки нет, множители нейтральны, казна равна нейтральной неделе (2.4s)
  ✓  53 tests/e2e/weekly-modifier.test.js:180:1 › P13: 20/20 — строка видна по имени, налоги/содержание ×k каталога (2.4s)
  ✓  54 tests/e2e/weekly-modifier.test.js:210:1 › P13: 20/20 — налоги/содержание в DOM совпадают с strongholdsDailyTick на живой странице (1.6s)
  ✓  55 tests/e2e/weekly-modifier.test.js:238:1 › P13: 20/20 — превью «Осада недели» несёт силу врага ×siegeMult (parity с runWeeklySiege) (1.4s)

  55 passed (3.2m)

