$ npm run test:qa:data

> neurodeck@0.0.0 test:qa:data
> node tools/playtest-data.cjs

OK   A1 [node] фаззинг санитайзеров: 100 случайных мутаций валидного state — STATE_GUARDS.* не бросают, выход в норме
OK   A2 [node] миграция v7 → v10: regions→captured (порядок каталога), золото/карточки/задачи целы, army/siege созданы, season посеян (MIGRATIONS[7] для входа v7 не вызывается — он для v≤6)
OK   A2b [node] миграция v5 (+мусорные поля v≤6: shards/flasks/hp/isHollow/boss*) → v10: MIGRATIONS[7] вычищает легаси, tractState отсутствует → regions 0
OK   A3 [node] миграция v8 (без season) → v10: Сезон 1 со снапшотом текущего прогресса
OK   B1 онбординг: старт-колода принимается (2 карточки), онбординг закрывается — база для слоёв защиты
OK   B2 обогащение состояния v10: золото 777, 3 карточки, 2 твердыни (zh1 worn, builtAt), гарнизон, осада w3, задачи+призрак, квесты с progress, Сезон 2 — saveGameState OK
OK   B3 [шаг1] F5 round-trip v9 байт-в-контент: gold/strongholds/army/siege/tasks/quests(progress)/season/hirePool — stable stringify идентичен (норма builtAt null→undefined)
OK   B4 [шаг2а] v7-фикстура с мусором (shards/boss*/isHollow) → applySyncData: v9, 7 захватов, мусор вычищен, золото 4321, задачи целы, Сезон 1 посеян
OK   B5 [шаг2б] v8-фикстура без season → v10: сеется Сезон 1 (start=сегодня MSK) со снапшотом {totalXp 7000, gold 1234, captured 3, completions 9, level 7}
OK   B6 [шаг2в] битые JSON ×20 (детерминированные мутации валидного сейва) → applySyncData: приложение не падает, санитайзеры держат инварианты
OK   B7 [шаг2г] битый сейв в localStorage через полный F5 ×3 (обрезка/порча символов/v:999): приложение не падает, UI рендерится
OK   B8 [шаг3, слой 1] удалён neurodeck_full_save при живом cards_backup → после F5 карточки и прогресс восстановлены из аварийной копии
OK   B9 [шаг3, слой 2] FORGED пуст + ever_saved=1 → онбординг не заблокирован: старт-колода не навязывается, UI жив, ошибок нет
OK   B10 [шаг4] export-json → скачивание контента → импорт через file input (syncModal) → экспортированное подмножество восстановлено (gold 777, 3 карточки, цели)
OK   B11 [шаг4б] полный бэкап .ndsync (download-sync-file) → импорт через file input: байт-в-контент восстановление ВСЕГО состояния (твердыни, сезон, квесты, builtAt)
OK   B12 [шаг5] мульти-вкладка: свежая вкладка видит запись A; живая вкладка B адоптирует её через storage-event; LWW-гвард не даёт устаревшему сейву B затереть запись A
     [i] квота: забито ключей=4, ошибка=Failed to execute 'setItem' on 'Storage': Setting the value of 'qa_fill_4' excee, тост-очередь=false
OK   B13 [шаг6] квота: localStorage забит до отказа → saveGameState не роняет приложение; после очистки сохранение снова работает
OK   B14 [шаг7] new-game-keep-cards: прогресс сброшен (золото 30, ур.1, захваты 0), карточки живы (3)
OK   B15 [шаг7] full-wipe-all: чистое состояние после перезагрузки (золото 30, карточек 0, сейв без прогресса) + наблюдение онбординга
OK   B17 [шаг8] гонка облака: локальные изменения при открытом диалоге smartCloudSync → устаревший applySyncData отбрасывается (облачный снапшот не затирает живое состояние)

===== QA-DATA: ЦЕЛОСТНОСТЬ ДАННЫХ =====
OK   A1 [node] фаззинг санитайзеров: 100 случайных мутаций валидного state — STATE_GUARDS.* не бросают, выход в норме
OK   A2 [node] миграция v7 → v10: regions→captured (порядок каталога), золото/карточки/задачи целы, army/siege созданы, season посеян (MIGRATIONS[7] для входа v7 не вызывается — он для v≤6)
OK   A2b [node] миграция v5 (+мусорные поля v≤6: shards/flasks/hp/isHollow/boss*) → v10: MIGRATIONS[7] вычищает легаси, tractState отсутствует → regions 0
OK   A3 [node] миграция v8 (без season) → v10: Сезон 1 со снапшотом текущего прогресса
OK   B1 онбординг: старт-колода принимается (2 карточки), онбординг закрывается — база для слоёв защиты
OK   B2 обогащение состояния v10: золото 777, 3 карточки, 2 твердыни (zh1 worn, builtAt), гарнизон, осада w3, задачи+призрак, квесты с progress, Сезон 2 — saveGameState OK
OK   B3 [шаг1] F5 round-trip v9 байт-в-контент: gold/strongholds/army/siege/tasks/quests(progress)/season/hirePool — stable stringify идентичен (норма builtAt null→undefined)
OK   B4 [шаг2а] v7-фикстура с мусором (shards/boss*/isHollow) → applySyncData: v9, 7 захватов, мусор вычищен, золото 4321, задачи целы, Сезон 1 посеян
OK   B5 [шаг2б] v8-фикстура без season → v10: сеется Сезон 1 (start=сегодня MSK) со снапшотом {totalXp 7000, gold 1234, captured 3, completions 9, level 7}
OK   B6 [шаг2в] битые JSON ×20 (детерминированные мутации валидного сейва) → applySyncData: приложение не падает, санитайзеры держат инварианты
OK   B7 [шаг2г] битый сейв в localStorage через полный F5 ×3 (обрезка/порча символов/v:999): приложение не падает, UI рендерится
OK   B8 [шаг3, слой 1] удалён neurodeck_full_save при живом cards_backup → после F5 карточки и прогресс восстановлены из аварийной копии
OK   B9 [шаг3, слой 2] FORGED пуст + ever_saved=1 → онбординг не заблокирован: старт-колода не навязывается, UI жив, ошибок нет
OK   B10 [шаг4] export-json → скачивание контента → импорт через file input (syncModal) → экспортированное подмножество восстановлено (gold 777, 3 карточки, цели)
OK   B11 [шаг4б] полный бэкап .ndsync (download-sync-file) → импорт через file input: байт-в-контент восстановление ВСЕГО состояния (твердыни, сезон, квесты, builtAt)
OK   B12 [шаг5] мульти-вкладка: свежая вкладка видит запись A; живая вкладка B адоптирует её через storage-event; LWW-гвард не даёт устаревшему сейву B затереть запись A
OK   B13 [шаг6] квота: localStorage забит до отказа → saveGameState не роняет приложение; после очистки сохранение снова работает
OK   B14 [шаг7] new-game-keep-cards: прогресс сброшен (золото 30, ур.1, захваты 0), карточки живы (3)
OK   B15 [шаг7] full-wipe-all: чистое состояние после перезагрузки (золото 30, карточек 0, сейв без прогресса) + наблюдение онбординга
OK   B17 [шаг8] гонка облака: локальные изменения при открытом диалоге smartCloudSync → устаревший applySyncData отбрасывается (облачный снапшот не затирает живое состояние)

ИТОГО: 20/20 OK, провалено: 0, skip: 0
JS-ошибки консоли за сессию: 0

