$ npm run test:qa:chaos

> neurodeck@0.0.0 test:qa:chaos
> node tools/playtest-chaos.cjs


===== QA-CHAOS ПРОГОН =====
OK   C0.1 даблклик «Принять» старт-колоды: ровно 2 карточки, не 4
OK   C0.2 онбординг закрыт (если показан)
OK   A.1 фиксстура: sh01 захвачена (налог 1), построек нет, казна 100; неделя «текущая» (осада подавлена)
OK   A.2 clock=MSK 23:59:59, lastDayReset=вчера → тик: ровно один, налог ровно +1, событие «quiet» (пин 0.8)
OK   A.3 clock +11с = 00:00:10 следующего дня → второй суточный тик: снова ровно +1, без дублей (пин quiet)
OK   A.4 повторный вызов checkDailyReset в тех же сутках = no-op (дельта 0, событие не перебрасывается)
OK   B.1 оффлайн −7 дней: докрутка ровно 7 (налог 1×7), осада ровно 1 раз (week 1→2), reset=сегодня
OK   B.2 оффлайн −8 дней: кап — докручено те же 7, не 8
OK   B.3 оффлайн −30 дней: кап 7, без спирали и без зависания (zh1+df1+ec1, казна 0 → дефицит)
OK   C.1 фиксстура: sh01, казна 500, карточка id1 (C, mastery 0/5)
OK   C.2 даблклик «Выполнить» карточки: XP/💰/мастерство начислены РОВНО один раз
OK   C.3 даблклик покупки zh1: списано ровно 60, построено 1 раз
OK   C.4 даблклик найма «В армию» (t1): пул −2, казна −2 — корректно на каждый клик
OK   C.5 даблклик «Да» в конфирме штурма: ровно ОДИН штурм (пин rand 0.99 → детерминированные потери)
OK   D.1 фиксстура: 2 карточки; edit-card открыт
OK   D.2 edit-card → ранг-ап (QA-чит mastery) → вторая волна edit поверх; поверх — sync; закрытие в обратном порядке
OK   D.3 sync → штурм-конфирм поверх → отмена → всё живо
OK   E.caravan (пин Math.random=0): событие=caravan, фактическая механика
OK   E.market (пин Math.random=0.4): событие=market, фактическая механика
OK   E.quiet (пин Math.random=0.8): событие=quiet, фактическая механика
OK   F.1 forge: пустое имя — блокируется
OK   F.2 forge: имя 1000 символов обрезается до 40 (раунд 4: лимит длины), сейв не падает
OK   F.3 forge: имя только эмодзи — отклонено валидацией (P3c, волна 1), без краша
OK   F.4 задача с именем-эмодзи — отклонена валидацией (P3c, волна 1), без краша
OK   F.5 цель с 50 шагами — создается, рендер без краша
OK   G.1 фиксстура: карточка id1; Клятва назначена на неё (QA-чит = assignBloodOath-объект)
OK   G.2 удаление карточки с активной Клятвой: клятва отменяется, без краша
OK   H.1 HERO.gold = −500 (QA-чит): найм блокирован, пул и постройки не тронуты
OK   H.2 при казне −500: выполнение карточки +1💰 и пропуск (clamp max(0,…)) — без краша

ИТОГО: 29/29 OK, провалено: 0
Крашей (pageerror/консоль): 0
Зависаний (шаг >15с): 0

--- СОБЫТИЯ ДНЯ (доказательства) ---
[
 {
  "event": "caravan",
  "delta": 21,
  "toastText": "Торговцы из-за гор: +20 💰 мгновенно!",
  "cost2_before": 5,
  "cost2_after": 5,
  "income_before": 1,
  "income_after": 1,
  "taskStatus": null,
  "wkTaskFails": 0
 },
 {
  "event": "market",
  "delta": 2,
  "toastText": "Налоги твердынь ×1.5 сегодня!",
  "cost2_before": 5,
  "cost2_after": 5,
  "income_before": 1,
  "income_after": 2,
  "taskStatus": null,
  "wkTaskFails": 0
 },
 {
  "event": "quiet",
  "delta": 1,
  "toastText": "Ничего не произошло. Но золото капает.",
  "cost2_before": 5,
  "cost2_after": 5,
  "income_before": 2,
  "income_after": 1,
  "taskStatus": null,
  "wkTaskFails": 0
 }
]

--- НАХОДКИ ---
[OK] Караван (caravan) — РАБОТАЕТ
   казна +21 приCaptured=1 (налог 1 + бонус max(20, 1×15)=20); bonus в checkDailyReset app.js:2815
[OK] Ярмарка (market) — РАБОТАЕТ (раунд 4): налоги ×1.5 в тике
   доход твердынь 1 → 2
[P2] Бейдж Клятвы перекрывает кнопки ✎/🗑 карточки: тап по 🗑 на карточке с активной Клятвой не проходит (делегированный обработчик получает бейдж без data-action — клик умирает)
   geometry: кнопка {"x":304,"y":422,"w":26,"h":26}, бейдж {"x":40,"y":426,"w":111,"h":21}, elementFromPoint(центр кнопки) = DIV|card-btn delete; .blood-oath-badge position:absolute (css) — z над .card-corner-actions
404 URL: []

