$ npm run test:sim:economy

> neurodeck@0.0.0 test:sim:economy
> node tools/sim-economy.cjs

===== ЭКОНОМИЧЕСКАЯ СИМУЛЯЦИЯ (реальные stronghold-model функции, 90 дней, сиды 11/22/33) =====
Сценарий            | захват@90 | штурм-день | нулей💰 | P50💰 | макс.долг | руин-соб | потерян.нед | выбор-дни
Дисциплина          |        10 |          9 |       0 |    58 |         0 |    4 |           1 |       49%
Ветвление           |         9 |          9 |       0 |    57 |         0 |    4 |           1 |       42%
Оптимизатор-эконом  |        11 |          9 |       0 |   116 |         0 |    9 |           1 |       32%
Казуал              |         8 |         17 |       5 |    65 |         3 |    0 |           1 |        4%
Отпуск              |         6 |          9 |       0 |    62 |         0 |    0 |           1 |       22%
Голо-армия          |        11 |          9 |       0 |    70 |         0 |    6 |           2 |       38%
Голо-экономия       |         1 |          — |       7 |    78 |         7 |   90 |           0 |        0%
Инфляция дохода (дисциплина, д90/д30): ×31.5
OK   G1. дисциплина: первая осада ≤ 14 дней (факт: 9)
OK   G1. дисциплина: ≥ 10 твердынь за 90 дней (факт: 10)
OK   G1. дисциплина: нулевых дней ≤ 20 (факт: 0)
OK   G1. дисциплина: коррупционных руин нет (осадные — легитимны; факт: 0)
OK   G2. казуал: ≥ 4 твердынь без стратегии (факт: 8)
OK   G2. казуал: ранняя руина невозможна (факт: null)
OK   G3. отпуск 14 дн: разрушений ≤ 8 (факт: 0)
OK   G3. отпуск: comeback не отбрасывает глубже казуала (факт: 6 vs 8)
OK   G4. армия-фокус жизнеспособна: ≥ 6 твердынь (факт: 11)
OK   G5. эконом-жокей не обязателен: разрыв ≤ 12 (факт: -1)
OK   G6. sinks работают: P50 золота дисциплины не копится бесконтрольно (факт: 58)
OK   G7. ветвление: первая осада ≤ 14 дней (факт: 9)
OK   G7. ветвление: ≥ 9 твердынь из 18 доступных (обход ш08/ш18; факт: 9)
OK   G7. ветвление: нулевых дней ≤ 20 (факт: 0)
OK   G7. ветвление: коррупционных руин нет (факт: 0)
OK   G7. ветвление: обход ш08 — граф-маршруты больше индексных, диагональ ш07→ш09 платит за обход (факт: 8 vs 7)
OK   G7. ветвление: кап бонуса путей +38% соблюдается (факт: 0.16)
Отчёт (не гейт): рост дохода д90/д30 ×31.5; руины по коррупции: А=0 F=2; P50 золота: E=70; маршруты ветвления: граф 8 / индекс 7

===== ГОРИЗОНТЫ P8 (Марафонец: 180/365 дней, престиж-цикл, эндгейм-ротация, рост сейва) =====
Марафонец 180 дн | захват@180: 20/20/20 (мед 20) | вознесений: 0/0/0 | P50💰: 258/258/258 | нулей💰: 0/0/0 | потер.нед: 3/3/3
  сид-медиана: трон 3/5 · венцы 5 · руин 4 (по коррупции 0, макс.долг 0 дн) · эндгейм 11 дн / 1 вс · модификаторов недели: goldvein,greed
Марафонец 365 дн | захват@365: 20/20/20 (мед 20) | вознесений: 1/1/1 | P50💰: 51370/51370/51370 | нулей💰: 0/0/0 | потер.нед: 5/5/5
  сид-медиана: трон 3/5 · венцы 4 · руин 4 (по коррупции 0, макс.долг 0 дн) · эндгейм 85 дн / 12 вс · модификаторов недели: goldvein,greed,stillness,fog,feast,lent,storm · вознесения в дни 242
Сейв-оценка@180: 87 186 симв = 22 чанков (порог 160) · карточек 183 (54 КБ) · истории 17 КБ · твердыни 9 КБ · герой 1 КБ · прочее 4 КБ · запас до рельсы: 2078 карточек
Сейв-оценка@365: 143 357 симв = 35 чанков (порог 160) · карточек 368 (108 КБ) · истории 18 КБ · твердыни 10 КБ · герой 1 КБ · прочее 4 КБ · запас до рельсы: 2072 карточек
OK   G8. марафон 180д: ≥ 15 твердынь (факт: 20)
OK   G8. марафон 180д: нулевых дней ≤ 40 (факт: 0)
OK   G8. марафон 180д: коррупционных руин нет (факт: 0)
OK   G9. престиж-цикл: ≥ 1 вознесения за 365д (факт: 1)
OK   G9. после сброса мир восстановим: ≥ 5 твердынь к д365 (факт: 20)
OK   G9. година: нулевых дней ≤ 80 (факт: 0)
OK   G10. эндгейм-ротация живая: ≥ 3 модификаторов недели за год (факт: goldvein,greed,stillness,fog,feast,lent,storm)
OK   G10. худшие недели модификаторов не рушат дисциплину (факт коррупционных руин: 0)
OK   G10. вне эндгейма ротация не применяется (гейт 20/20 — как weeklyModsNow в app.js)
OK   G11. сейв@365: 35 чанков ≤ 160 (жёсткий лимит облака 200; CAMPAIGN-2.0.md §риски)
ИТОГО: гейты экономики пройдены

